
> moltz-client@1.0.0 test
> vitest --run


[1m[46m RUN [49m[22m [36mv4.0.18 [39m[90mC:/Users/ddewit/clawd/clawd-client[39m

 [32mΓ£ô[39m src/lib/encryption.test.ts [2m([22m[2m11 tests[22m[2m)[22m[32m 27[2mms[22m[39m
 [32mΓ£ô[39m src/__tests__/keychain.test.ts [2m([22m[2m17 tests[22m[2m)[22m[32m 9[2mms[22m[39m
 [32mΓ£ô[39m src/__tests__/db.test.ts [2m([22m[2m17 tests[22m[2m)[22m[32m 129[2mms[22m[39m
 [32mΓ£ô[39m src/__tests__/store.test.ts [2m([22m[2m7 tests[22m[2m)[22m[32m 6[2mms[22m[39m
node.exe : [90mstderr[2m | src/__tests__/settings-persistence.test.ts[2m > [22m[2mSettings Persistence[2m > 
[22m[2mloading settings from localStorage[2m > [22m[2mshould handle corrupted JSON in localStorage
At line:1 char:1
+ & "C:\Program Files\nodejs/node.exe" "C:\Users\ddewit\AppData\Roaming ...
+ ~~~~~~~~~~~~~~~~~~~~~~~~~~~~~~~~~~~~~~~~~~~~~~~~~~~~~~~~~~~~~~~~~~~~~
    + CategoryInfo          : NotSpecified: ([90mstderr[2m...in localStorage:String) [], RemoteException
    + FullyQualifiedErrorId : NativeCommandError
 
[22m[39mFailed to load settings: SyntaxError: Unexpected token 'h', "this-is-not"... is not valid JSON
    at JSON.parse (<anonymous>)
    at Object.loadSettings (C:/Users/ddewit/clawd/clawd-client/src/stores/store.ts:604:29)
    at C:/Users/ddewit/clawd/clawd-client/src/__tests__/settings-persistence.test.ts:210:19
    at [90mfile:///C:/Users/ddewit/clawd/clawd-client/[39mnode_modules/[4m@vitest/runner[24m/dist/index.js:145:11
    at [90mfile:///C:/Users/ddewit/clawd/clawd-client/[39mnode_modules/[4m@vitest/runner[24m/dist/index.js:915:26
    at [90mfile:///C:/Users/ddewit/clawd/clawd-client/[39mnode_modules/[4m@vitest/runner[24m/dist/index.js:1243:20
    at new Promise (<anonymous>)
    at runWithTimeout [90m(file:///C:/Users/ddewit/clawd/clawd-client/[39mnode_modules/[4m@vitest/runner[24m/dist/i
ndex.js:1209:10[90m)[39m
    at [90mfile:///C:/Users/ddewit/clawd/clawd-client/[39mnode_modules/[4m@vitest/runner[24m/dist/index.js:1653:37
    at Traces.$ [90m(file:///C:/Users/ddewit/clawd/clawd-client/[39mnode_modules/[4mvitest[24m/dist/chunks/traces.C
CmnQaNT.js:142:27[90m)[39m

 [32mΓ£ô[39m src/__tests__/settings-persistence.test.ts [2m([22m[2m13 tests[22m[2m)[22m[32m 13[2mms[22m[39m
 [32mΓ£ô[39m src/__tests__/theme-switching.test.ts [2m([22m[2m12 tests[22m[2m)[22m[32m 10[2mms[22m[39m
 [32mΓ£ô[39m src/stores/store.test.ts [2m([22m[2m12 tests[22m[2m)[22m[32m 9[2mms[22m[39m
 [32mΓ£ô[39m src/components/ChatView.test.tsx [2m([22m[2m18 tests[22m[2m)[22m[32m 33[2mms[22m[39m
[90mstderr[2m | src/__tests__/image-renderer.test.tsx[2m > [22m[2mImageRenderer[2m > [22m[2mloading states[2m 
> [22m[2mshould hide loading spinner after image loads
[22m[39mWarning: An update to ImageRenderer inside a test was not wrapped in act(...).

When testing, code that causes React state updates should be wrapped into act(...):

act(() => {
  /* fire events that update state */
});
/* assert on the output */

This ensures that you're testing the behavior the user would see in the browser. Learn more at 
https://reactjs.org/link/wrap-tests-with-act
    at ImageRenderer (C:/Users/ddewit/clawd/clawd-client/src/components/ImageRenderer.tsx:30:3)
Warning: An update to ImageRenderer inside a test was not wrapped in act(...).

When testing, code that causes React state updates should be wrapped into act(...):

act(() => {
  /* fire events that update state */
});
/* assert on the output */

This ensures that you're testing the behavior the user would see in the browser. Learn more at 
https://reactjs.org/link/wrap-tests-with-act
    at ImageRenderer (C:/Users/ddewit/clawd/clawd-client/src/components/ImageRenderer.tsx:30:3)
Warning: An update to ImageRenderer inside a test was not wrapped in act(...).

When testing, code that causes React state updates should be wrapped into act(...):

act(() => {
  /* fire events that update state */
});
/* assert on the output */

This ensures that you're testing the behavior the user would see in the browser. Learn more at 
https://reactjs.org/link/wrap-tests-with-act
    at ImageRenderer (C:/Users/ddewit/clawd/clawd-client/src/components/ImageRenderer.tsx:30:3)

 [32mΓ£ô[39m src/__tests__/message-flow.test.ts [2m([22m[2m34 tests[22m[2m)[22m[32m 30[2mms[22m[39m
[90mstderr[2m | src/__tests__/image-renderer.test.tsx[2m > [22m[2mImageRenderer[2m > [22m[2merror handling[2m 
> [22m[2mshould show error state when image fails to load
[22m[39mWarning: An update to ImageRenderer inside a test was not wrapped in act(...).

When testing, code that causes React state updates should be wrapped into act(...):

act(() => {
  /* fire events that update state */
});
/* assert on the output */

This ensures that you're testing the behavior the user would see in the browser. Learn more at 
https://reactjs.org/link/wrap-tests-with-act
    at ImageRenderer (C:/Users/ddewit/clawd/clawd-client/src/components/ImageRenderer.tsx:30:3)
Warning: An update to ImageRenderer inside a test was not wrapped in act(...).

When testing, code that causes React state updates should be wrapped into act(...):

act(() => {
  /* fire events that update state */
});
/* assert on the output */

This ensures that you're testing the behavior the user would see in the browser. Learn more at 
https://reactjs.org/link/wrap-tests-with-act
    at ImageRenderer (C:/Users/ddewit/clawd/clawd-client/src/components/ImageRenderer.tsx:30:3)

[90mstderr[2m | src/__tests__/persistence-errors.test.ts[2m > [22m[2mPersistence Error Handling[2m > 
[22m[2msearchPersistedMessages[2m > [22m[2mshould filter by conversationId when provided
[22m[39mFailed to store key in keychain: Error: Unknown command
    at C:/Users/ddewit/clawd/clawd-client/src/__tests__/persistence-errors.test.ts:26:27
    at Mock 
[90m(file:///C:/Users/ddewit/clawd/clawd-client/[39mnode_modules/[4m@vitest/spy[24m/dist/index.js:285:34[90m)[39m
    at getMasterKey (C:/Users/ddewit/clawd/clawd-client/src/lib/encryption.ts:64:11)
    at encrypt (C:/Users/ddewit/clawd/clawd-client/src/lib/encryption.ts:85:15)
    at Module.persistConversation (C:/Users/ddewit/clawd/clawd-client/src/lib/persistence.ts:116:28)
    at C:/Users/ddewit/clawd/clawd-client/src/__tests__/persistence-errors.test.ts:82:7
    at [90mfile:///C:/Users/ddewit/clawd/clawd-client/[39mnode_modules/[4m@vitest/runner[24m/dist/index.js:915:20

[90mstderr[2m | src/__tests__/image-renderer.test.tsx[2m > [22m[2mImageRenderer[2m > [22m[2merror handling[2m 
> [22m[2mshould hide image element on error
[22m[39mWarning: An update to ImageRenderer inside a test was not wrapped in act(...).

When testing, code that causes React state updates should be wrapped into act(...):

act(() => {
  /* fire events that update state */
});
/* assert on the output */

This ensures that you're testing the behavior the user would see in the browser. Learn more at 
https://reactjs.org/link/wrap-tests-with-act
    at ImageRenderer (C:/Users/ddewit/clawd/clawd-client/src/components/ImageRenderer.tsx:30:3)
Warning: An update to ImageRenderer inside a test was not wrapped in act(...).

When testing, code that causes React state updates should be wrapped into act(...):

act(() => {
  /* fire events that update state */
});
/* assert on the output */

This ensures that you're testing the behavior the user would see in the browser. Learn more at 
https://reactjs.org/link/wrap-tests-with-act
    at ImageRenderer (C:/Users/ddewit/clawd/clawd-client/src/components/ImageRenderer.tsx:30:3)

[90mstderr[2m | src/__tests__/persistence-errors.test.ts[2m > [22m[2mPersistence Error Handling[2m > 
[22m[2msearchPersistedMessages[2m > [22m[2mshould skip messages with decryption failures
[22m[39mFailed to decrypt search result corrupt-msg: DOMException [InvalidCharacterError]: Invalid character
[90m    at atob (node:buffer:1316:13)[39m
    at base64ToArrayBuffer (C:/Users/ddewit/clawd/clawd-client/src/lib/encryption.ts:192:18)
    at decrypt (C:/Users/ddewit/clawd/clawd-client/src/lib/encryption.ts:115:20)
[90m    at runNextTicks (node:internal/process/task_queues:64:5)[39m
[90m    at processImmediate (node:internal/timers:472:9)[39m
    at Module.searchPersistedMessages (C:/Users/ddewit/clawd/clawd-client/src/lib/persistence.ts:289:27)
    at C:/Users/ddewit/clawd/clawd-client/src/__tests__/persistence-errors.test.ts:119:23
    at [90mfile:///C:/Users/ddewit/clawd/clawd-client/[39mnode_modules/[4m@vitest/runner[24m/dist/index.js:915:20

 [32mΓ£ô[39m src/__tests__/utils.test.ts [2m([22m[2m6 tests[22m[2m)[22m[32m 17[2mms[22m[39m
 [32mΓ£ô[39m src/__tests__/store-edge-cases.test.ts [2m([22m[2m19 tests[22m[2m)[22m[32m 29[2mms[22m[39m
[90mstderr[2m | src/__tests__/image-renderer.test.tsx[2m > [22m[2mImageRenderer[2m > [22m[2mlightbox 
functionality[2m > [22m[2mshould open lightbox when image is clicked
[22m[39mWarning: An update to ImageRenderer inside a test was not wrapped in act(...).

When testing, code that causes React state updates should be wrapped into act(...):

act(() => {
  /* fire events that update state */
});
/* assert on the output */

This ensures that you're testing the behavior the user would see in the browser. Learn more at 
https://reactjs.org/link/wrap-tests-with-act
    at ImageRenderer (C:/Users/ddewit/clawd/clawd-client/src/components/ImageRenderer.tsx:30:3)
Warning: An update to ImageRenderer inside a test was not wrapped in act(...).

When testing, code that causes React state updates should be wrapped into act(...):

act(() => {
  /* fire events that update state */
});
/* assert on the output */

This ensures that you're testing the behavior the user would see in the browser. Learn more at 
https://reactjs.org/link/wrap-tests-with-act
    at ImageRenderer (C:/Users/ddewit/clawd/clawd-client/src/components/ImageRenderer.tsx:30:3)
Warning: An update to ImageRenderer inside a test was not wrapped in act(...).

When testing, code that causes React state updates should be wrapped into act(...):

act(() => {
  /* fire events that update state */
});
/* assert on the output */

This ensures that you're testing the behavior the user would see in the browser. Learn more at 
https://reactjs.org/link/wrap-tests-with-act
    at ImageRenderer (C:/Users/ddewit/clawd/clawd-client/src/components/ImageRenderer.tsx:30:3)

[90mstderr[2m | src/__tests__/persistence-errors.test.ts[2m > [22m[2mPersistence Error Handling[2m > 
[22m[2mclearAllData[2m > [22m[2mshould handle database errors gracefully
[22m[39mFailed to clear data: Error: Clear failed
    at C:/Users/ddewit/clawd/clawd-client/src/__tests__/persistence-errors.test.ts:223:9
    at [90mfile:///C:/Users/ddewit/clawd/clawd-client/[39mnode_modules/[4m@vitest/runner[24m/dist/index.js:145:11
    at [90mfile:///C:/Users/ddewit/clawd/clawd-client/[39mnode_modules/[4m@vitest/runner[24m/dist/index.js:915:26
    at [90mfile:///C:/Users/ddewit/clawd/clawd-client/[39mnode_modules/[4m@vitest/runner[24m/dist/index.js:1243:20
    at new Promise (<anonymous>)
    at runWithTimeout [90m(file:///C:/Users/ddewit/clawd/clawd-client/[39mnode_modules/[4m@vitest/runner[24m/dist/i
ndex.js:1209:10[90m)[39m
    at [90mfile:///C:/Users/ddewit/clawd/clawd-client/[39mnode_modules/[4m@vitest/runner[24m/dist/index.js:1653:37
    at Traces.$ [90m(file:///C:/Users/ddewit/clawd/clawd-client/[39mnode_modules/[4mvitest[24m/dist/chunks/traces.C
CmnQaNT.js:142:27[90m)[39m
    at trace [90m(file:///C:/Users/ddewit/clawd/clawd-client/[39mnode_modules/[4mvitest[24m/dist/chunks/test.B8ej_Z
HS.js:239:21[90m)[39m
    at runTest [90m(file:///C:/Users/ddewit/clawd/clawd-client/[39mnode_modules/[4m@vitest/runner[24m/dist/index.js
:1653:12[90m)[39m

[90mstderr[2m | src/__tests__/persistence-errors.test.ts[2m > [22m[2mPersistence Error Handling[2m > 
[22m[2mgetStorageStats[2m > [22m[2mshould handle database errors and return defaults
[22m[39mFailed to get storage stats: Error: Count failed
    at C:/Users/ddewit/clawd/clawd-client/src/__tests__/persistence-errors.test.ts:285:9
    at [90mfile:///C:/Users/ddewit/clawd/clawd-client/[39mnode_modules/[4m@vitest/runner[24m/dist/index.js:145:11
    at [90mfile:///C:/Users/ddewit/clawd/clawd-client/[39mnode_modules/[4m@vitest/runner[24m/dist/index.js:915:26
    at [90mfile:///C:/Users/ddewit/clawd/clawd-client/[39mnode_modules/[4m@vitest/runner[24m/dist/index.js:1243:20
    at new Promise (<anonymous>)
    at runWithTimeout [90m(file:///C:/Users/ddewit/clawd/clawd-client/[39mnode_modules/[4m@vitest/runner[24m/dist/i
ndex.js:1209:10[90m)[39m
    at [90mfile:///C:/Users/ddewit/clawd/clawd-client/[39mnode_modules/[4m@vitest/runner[24m/dist/index.js:1653:37
    at Traces.$ [90m(file:///C:/Users/ddewit/clawd/clawd-client/[39mnode_modules/[4mvitest[24m/dist/chunks/traces.C
CmnQaNT.js:142:27[90m)[39m
    at trace [90m(file:///C:/Users/ddewit/clawd/clawd-client/[39mnode_modules/[4mvitest[24m/dist/chunks/test.B8ej_Z
HS.js:239:21[90m)[39m
    at runTest [90m(file:///C:/Users/ddewit/clawd/clawd-client/[39mnode_modules/[4m@vitest/runner[24m/dist/index.js
:1653:12[90m)[39m

[90mstderr[2m | src/__tests__/persistence-errors.test.ts[2m > [22m[2mPersistence Error Handling[2m > 
[22m[2mloadPersistedData error handling[2m > [22m[2mshould skip corrupted messages during load
[22m[39mFailed to decrypt message corrupt-msg: DOMException [InvalidCharacterError]: Invalid character
[90m    at atob (node:buffer:1316:13)[39m
    at base64ToArrayBuffer (C:/Users/ddewit/clawd/clawd-client/src/lib/encryption.ts:192:18)
    at decrypt (C:/Users/ddewit/clawd/clawd-client/src/lib/encryption.ts:115:20)
    at Module.loadPersistedData (C:/Users/ddewit/clawd/clawd-client/src/lib/persistence.ts:57:29)
    at C:/Users/ddewit/clawd/clawd-client/src/__tests__/persistence-errors.test.ts:335:22
    at [90mfile:///C:/Users/ddewit/clawd/clawd-client/[39mnode_modules/[4m@vitest/runner[24m/dist/index.js:915:20

[90mstderr[2m | src/__tests__/persistence-errors.test.ts[2m > [22m[2mPersistence Error Handling[2m > 
[22m[2mloadPersistedData error handling[2m > [22m[2mshould handle unencrypted legacy conversation titles
[22m[39mCould not decrypt conversation title legacy-conv, using as-is

[90mstderr[2m | src/__tests__/persistence-errors.test.ts[2m > [22m[2mPersistence Error Handling[2m > 
[22m[2mloadPersistedData error handling[2m > [22m[2mshould return empty array on database failure
[22m[39mFailed to load persisted data: Error: Database error
    at C:/Users/ddewit/clawd/clawd-client/src/__tests__/persistence-errors.test.ts:365:46
    at [90mfile:///C:/Users/ddewit/clawd/clawd-client/[39mnode_modules/[4m@vitest/runner[24m/dist/index.js:145:11
    at [90mfile:///C:/Users/ddewit/clawd/clawd-client/[39mnode_modules/[4m@vitest/runner[24m/dist/index.js:915:26
    at [90mfile:///C:/Users/ddewit/clawd/clawd-client/[39mnode_modules/[4m@vitest/runner[24m/dist/index.js:1243:20
    at new Promise (<anonymous>)
    at runWithTimeout [90m(file:///C:/Users/ddewit/clawd/clawd-client/[39mnode_modules/[4m@vitest/runner[24m/dist/i
ndex.js:1209:10[90m)[39m
    at [90mfile:///C:/Users/ddewit/clawd/clawd-client/[39mnode_modules/[4m@vitest/runner[24m/dist/index.js:1653:37
    at Traces.$ [90m(file:///C:/Users/ddewit/clawd/clawd-client/[39mnode_modules/[4mvitest[24m/dist/chunks/traces.C
CmnQaNT.js:142:27[90m)[39m
    at trace [90m(file:///C:/Users/ddewit/clawd/clawd-client/[39mnode_modules/[4mvitest[24m/dist/chunks/test.B8ej_Z
HS.js:239:21[90m)[39m
    at runTest [90m(file:///C:/Users/ddewit/clawd/clawd-client/[39mnode_modules/[4m@vitest/runner[24m/dist/index.js
:1653:12[90m)[39m

[90mstderr[2m | src/__tests__/persistence-errors.test.ts[2m > [22m[2mPersistence Error Handling[2m > 
[22m[2mdeletePersistedConversation error handling[2m > [22m[2mshould throw error on database failure
[22m[39mFailed to delete conversation: Error: Delete failed
    at C:/Users/ddewit/clawd/clawd-client/src/__tests__/persistence-errors.test.ts:382:9
    at [90mfile:///C:/Users/ddewit/clawd/clawd-client/[39mnode_modules/[4m@vitest/runner[24m/dist/index.js:145:11
    at [90mfile:///C:/Users/ddewit/clawd/clawd-client/[39mnode_modules/[4m@vitest/runner[24m/dist/index.js:915:26
    at [90mfile:///C:/Users/ddewit/clawd/clawd-client/[39mnode_modules/[4m@vitest/runner[24m/dist/index.js:1243:20
    at new Promise (<anonymous>)
    at runWithTimeout [90m(file:///C:/Users/ddewit/clawd/clawd-client/[39mnode_modules/[4m@vitest/runner[24m/dist/i
ndex.js:1209:10[90m)[39m
    at [90mfile:///C:/Users/ddewit/clawd/clawd-client/[39mnode_modules/[4m@vitest/runner[24m/dist/index.js:1653:37
    at Traces.$ [90m(file:///C:/Users/ddewit/clawd/clawd-client/[39mnode_modules/[4mvitest[24m/dist/chunks/traces.C
CmnQaNT.js:142:27[90m)[39m
    at trace [90m(file:///C:/Users/ddewit/clawd/clawd-client/[39mnode_modules/[4mvitest[24m/dist/chunks/test.B8ej_Z
HS.js:239:21[90m)[39m
    at runTest [90m(file:///C:/Users/ddewit/clawd/clawd-client/[39mnode_modules/[4m@vitest/runner[24m/dist/index.js
:1653:12[90m)[39m

 [32mΓ£ô[39m src/__tests__/persistence-errors.test.ts [2m([22m[2m19 tests[22m[2m)[22m[33m 401[2mms[22m[39m
[90mstderr[2m | src/__tests__/image-renderer.test.tsx[2m > [22m[2mImageRenderer[2m > [22m[2mlightbox 
functionality[2m > [22m[2mshould close lightbox when close button is clicked
[22m[39mWarning: An update to ImageRenderer inside a test was not wrapped in act(...).

When testing, code that causes React state updates should be wrapped into act(...):

act(() => {
  /* fire events that update state */
});
/* assert on the output */

This ensures that you're testing the behavior the user would see in the browser. Learn more at 
https://reactjs.org/link/wrap-tests-with-act
    at ImageRenderer (C:/Users/ddewit/clawd/clawd-client/src/components/ImageRenderer.tsx:30:3)
Warning: An update to ImageRenderer inside a test was not wrapped in act(...).

When testing, code that causes React state updates should be wrapped into act(...):

act(() => {
  /* fire events that update state */
});
/* assert on the output */

This ensures that you're testing the behavior the user would see in the browser. Learn more at 
https://reactjs.org/link/wrap-tests-with-act
    at ImageRenderer (C:/Users/ddewit/clawd/clawd-client/src/components/ImageRenderer.tsx:30:3)
Warning: An update to ImageRenderer inside a test was not wrapped in act(...).

When testing, code that causes React state updates should be wrapped into act(...):

act(() => {
  /* fire events that update state */
});
/* assert on the output */

This ensures that you're testing the behavior the user would see in the browser. Learn more at 
https://reactjs.org/link/wrap-tests-with-act
    at ImageRenderer (C:/Users/ddewit/clawd/clawd-client/src/components/ImageRenderer.tsx:30:3)

[90mstderr[2m | src/__tests__/image-renderer.test.tsx[2m > [22m[2mImageRenderer[2m > [22m[2mlightbox 
functionality[2m > [22m[2mshould close lightbox when clicking backdrop
[22m[39mWarning: An update to ImageRenderer inside a test was not wrapped in act(...).

When testing, code that causes React state updates should be wrapped into act(...):

act(() => {
  /* fire events that update state */
});
/* assert on the output */

This ensures that you're testing the behavior the user would see in the browser. Learn more at 
https://reactjs.org/link/wrap-tests-with-act
    at ImageRenderer (C:/Users/ddewit/clawd/clawd-client/src/components/ImageRenderer.tsx:30:3)
Warning: An update to ImageRenderer inside a test was not wrapped in act(...).

When testing, code that causes React state updates should be wrapped into act(...):

act(() => {
  /* fire events that update state */
});
/* assert on the output */

This ensures that you're testing the behavior the user would see in the browser. Learn more at 
https://reactjs.org/link/wrap-tests-with-act
    at ImageRenderer (C:/Users/ddewit/clawd/clawd-client/src/components/ImageRenderer.tsx:30:3)
Warning: An update to ImageRenderer inside a test was not wrapped in act(...).

When testing, code that causes React state updates should be wrapped into act(...):

act(() => {
  /* fire events that update state */
});
/* assert on the output */

This ensures that you're testing the behavior the user would see in the browser. Learn more at 
https://reactjs.org/link/wrap-tests-with-act
    at ImageRenderer (C:/Users/ddewit/clawd/clawd-client/src/components/ImageRenderer.tsx:30:3)

[90mstderr[2m | src/__tests__/image-renderer.test.tsx[2m > [22m[2mImageRenderer[2m > [22m[2mlightbox 
functionality[2m > [22m[2mshould open image in new tab when external link button clicked
[22m[39mWarning: An update to ImageRenderer inside a test was not wrapped in act(...).

When testing, code that causes React state updates should be wrapped into act(...):

act(() => {
  /* fire events that update state */
});
/* assert on the output */

This ensures that you're testing the behavior the user would see in the browser. Learn more at 
https://reactjs.org/link/wrap-tests-with-act
    at ImageRenderer (C:/Users/ddewit/clawd/clawd-client/src/components/ImageRenderer.tsx:30:3)
Warning: An update to ImageRenderer inside a test was not wrapped in act(...).

When testing, code that causes React state updates should be wrapped into act(...):

act(() => {
  /* fire events that update state */
});
/* assert on the output */

This ensures that you're testing the behavior the user would see in the browser. Learn more at 
https://reactjs.org/link/wrap-tests-with-act
    at ImageRenderer (C:/Users/ddewit/clawd/clawd-client/src/components/ImageRenderer.tsx:30:3)
Warning: An update to ImageRenderer inside a test was not wrapped in act(...).

When testing, code that causes React state updates should be wrapped into act(...):

act(() => {
  /* fire events that update state */
});
/* assert on the output */

This ensures that you're testing the behavior the user would see in the browser. Learn more at 
https://reactjs.org/link/wrap-tests-with-act
    at ImageRenderer (C:/Users/ddewit/clawd/clawd-client/src/components/ImageRenderer.tsx:30:3)

[90mstderr[2m | src/__tests__/image-renderer.test.tsx[2m > [22m[2mImageRenderer[2m > [22m[2mdimension 
handling[2m > [22m[2mshould display image dimensions in lightbox
[22m[39mWarning: An update to ImageRenderer inside a test was not wrapped in act(...).

When testing, code that causes React state updates should be wrapped into act(...):

act(() => {
  /* fire events that update state */
});
/* assert on the output */

This ensures that you're testing the behavior the user would see in the browser. Learn more at 
https://reactjs.org/link/wrap-tests-with-act
    at ImageRenderer (C:/Users/ddewit/clawd/clawd-client/src/components/ImageRenderer.tsx:30:3)
Warning: An update to ImageRenderer inside a test was not wrapped in act(...).

When testing, code that causes React state updates should be wrapped into act(...):

act(() => {
  /* fire events that update state */
});
/* assert on the output */

This ensures that you're testing the behavior the user would see in the browser. Learn more at 
https://reactjs.org/link/wrap-tests-with-act
    at ImageRenderer (C:/Users/ddewit/clawd/clawd-client/src/components/ImageRenderer.tsx:30:3)
Warning: An update to ImageRenderer inside a test was not wrapped in act(...).

When testing, code that causes React state updates should be wrapped into act(...):

act(() => {
  /* fire events that update state */
});
/* assert on the output */

This ensures that you're testing the behavior the user would see in the browser. Learn more at 
https://reactjs.org/link/wrap-tests-with-act
    at ImageRenderer (C:/Users/ddewit/clawd/clawd-client/src/components/ImageRenderer.tsx:30:3)

[90mstderr[2m | src/__tests__/image-renderer.test.tsx[2m > [22m[2mImageRenderer[2m > [22m[2mdimension 
handling[2m > [22m[2mshould constrain large images to maxWidth
[22m[39mWarning: An update to ImageRenderer inside a test was not wrapped in act(...).

When testing, code that causes React state updates should be wrapped into act(...):

act(() => {
  /* fire events that update state */
});
/* assert on the output */

This ensures that you're testing the behavior the user would see in the browser. Learn more at 
https://reactjs.org/link/wrap-tests-with-act
    at ImageRenderer (C:/Users/ddewit/clawd/clawd-client/src/components/ImageRenderer.tsx:30:3)
Warning: An update to ImageRenderer inside a test was not wrapped in act(...).

When testing, code that causes React state updates should be wrapped into act(...):

act(() => {
  /* fire events that update state */
});
/* assert on the output */

This ensures that you're testing the behavior the user would see in the browser. Learn more at 
https://reactjs.org/link/wrap-tests-with-act
    at ImageRenderer (C:/Users/ddewit/clawd/clawd-client/src/components/ImageRenderer.tsx:30:3)
Warning: An update to ImageRenderer inside a test was not wrapped in act(...).

When testing, code that causes React state updates should be wrapped into act(...):

act(() => {
  /* fire events that update state */
});
/* assert on the output */

This ensures that you're testing the behavior the user would see in the browser. Learn more at 
https://reactjs.org/link/wrap-tests-with-act
    at ImageRenderer (C:/Users/ddewit/clawd/clawd-client/src/components/ImageRenderer.tsx:30:3)

 [32mΓ£ô[39m src/__tests__/image-renderer.test.tsx [2m([22m[2m29 tests[22m[2m)[22m[33m 2820[2mms[22m[39m
       [33m[2mΓ£ô[22m[39m should render HTTPS images [33m 697[2mms[22m[39m
       [33m[2mΓ£ô[22m[39m should open lightbox when image is clicked [33m 385[2mms[22m[39m
 [32mΓ£ô[39m src/lib/url.test.ts [2m([22m[2m17 tests[22m[2m)[22m[32m 7[2mms[22m[39m
 [32mΓ£ô[39m src/lib/formatting.test.ts [2m([22m[2m30 tests[22m[2m)[22m[32m 15[2mms[22m[39m
 [32mΓ£ô[39m src/lib/export.test.ts [2m([22m[2m29 tests[22m[2m)[22m[32m 37[2mms[22m[39m
[90mstderr[2m | src/components/Sidebar.test.tsx[2m > [22m[2mSidebar[2m > [22m[2mnew conversation[2m > 
[22m[2mshould create new conversation when New Chat button is clicked
[22m[39mWarning: validateDOMNesting(...): <button> cannot appear as a descendant of <button>.
    at button
    at div
    at button
    at ConversationItem (C:/Users/ddewit/clawd/clawd-client/src/components/Sidebar.tsx:694:3)
    at div
    at div
    at ConversationSection (C:/Users/ddewit/clawd/clawd-client/src/components/Sidebar.tsx:547:3)
    at div
    at ScrollShadow (C:/Users/ddewit/clawd/clawd-client/src/components/Sidebar.test.tsx:25:5)
    at div
    at Sidebar (C:/Users/ddewit/clawd/clawd-client/src/components/Sidebar.tsx:36:30)

[90mstderr[2m | src/components/Sidebar.test.tsx[2m > [22m[2mSidebar[2m > [22m[2mconversation listing[2m > 
[22m[2mshould select conversation when clicked
[22m[39mFailed to store key in keychain: Error: Key not found
    at C:/Users/ddewit/clawd/clawd-client/src/components/Sidebar.test.tsx:62:38
    at Mock 
[90m(file:///C:/Users/ddewit/clawd/clawd-client/[39mnode_modules/[4m@vitest/spy[24m/dist/index.js:285:34[90m)[39m
    at getMasterKey (C:/Users/ddewit/clawd/clawd-client/src/lib/encryption.ts:64:11)
    at encrypt (C:/Users/ddewit/clawd/clawd-client/src/lib/encryption.ts:85:15)
    at persistConversation (C:/Users/ddewit/clawd/clawd-client/src/lib/persistence.ts:116:28)

[90mstderr[2m | src/components/Sidebar.test.tsx[2m > [22m[2mSidebar[2m > [22m[2mconversation listing[2m > 
[22m[2mshould select conversation when clicked
[22m[39mFailed to store key in keychain: Error: Key not found
    at C:/Users/ddewit/clawd/clawd-client/src/components/Sidebar.test.tsx:62:38
    at Mock 
[90m(file:///C:/Users/ddewit/clawd/clawd-client/[39mnode_modules/[4m@vitest/spy[24m/dist/index.js:285:34[90m)[39m
    at getMasterKey (C:/Users/ddewit/clawd/clawd-client/src/lib/encryption.ts:64:11)
    at encrypt (C:/Users/ddewit/clawd/clawd-client/src/lib/encryption.ts:85:15)
    at persistConversation (C:/Users/ddewit/clawd/clawd-client/src/lib/persistence.ts:116:28)

[90mstderr[2m | src/components/Sidebar.test.tsx[2m > [22m[2mSidebar[2m > [22m[2mconversation listing[2m > 
[22m[2mshould select conversation when clicked
[22m[39mFailed to store key in keychain: Error: Key not found
    at C:/Users/ddewit/clawd/clawd-client/src/components/Sidebar.test.tsx:62:38
    at Mock 
[90m(file:///C:/Users/ddewit/clawd/clawd-client/[39mnode_modules/[4m@vitest/spy[24m/dist/index.js:285:34[90m)[39m
    at getMasterKey (C:/Users/ddewit/clawd/clawd-client/src/lib/encryption.ts:64:11)
    at encrypt (C:/Users/ddewit/clawd/clawd-client/src/lib/encryption.ts:85:15)
    at persistConversation (C:/Users/ddewit/clawd/clawd-client/src/lib/persistence.ts:116:28)

[90mstderr[2m | src/components/Sidebar.test.tsx[2m > [22m[2mSidebar[2m > [22m[2mconversation listing[2m > 
[22m[2mshould select conversation when clicked
[22m[39mFailed to store key in keychain: Error: Key not found
    at C:/Users/ddewit/clawd/clawd-client/src/components/Sidebar.test.tsx:62:38
    at Mock 
[90m(file:///C:/Users/ddewit/clawd/clawd-client/[39mnode_modules/[4m@vitest/spy[24m/dist/index.js:285:34[90m)[39m
    at getMasterKey (C:/Users/ddewit/clawd/clawd-client/src/lib/encryption.ts:64:11)
    at encrypt (C:/Users/ddewit/clawd/clawd-client/src/lib/encryption.ts:85:15)
    at persistConversation (C:/Users/ddewit/clawd/clawd-client/src/lib/persistence.ts:116:28)

[90mstderr[2m | src/components/Sidebar.test.tsx[2m > [22m[2mSidebar[2m > [22m[2mconversation listing[2m > 
[22m[2mshould select conversation when clicked
[22m[39mFailed to store key in keychain: Error: Key not found
    at C:/Users/ddewit/clawd/clawd-client/src/components/Sidebar.test.tsx:62:38
    at Mock 
[90m(file:///C:/Users/ddewit/clawd/clawd-client/[39mnode_modules/[4m@vitest/spy[24m/dist/index.js:285:34[90m)[39m
    at getMasterKey (C:/Users/ddewit/clawd/clawd-client/src/lib/encryption.ts:64:11)
    at encrypt (C:/Users/ddewit/clawd/clawd-client/src/lib/encryption.ts:85:15)
    at persistConversation (C:/Users/ddewit/clawd/clawd-client/src/lib/persistence.ts:116:28)

[90mstderr[2m | src/__tests__/markdown-renderer.test.tsx[2m > [22m[2mMarkdownRenderer[2m > [22m[2mimages[2m > 
[22m[2mshould render images with alt text
[22m[39mWarning: validateDOMNesting(...): <div> cannot appear as a descendant of <p>.
    at div
    at div
    at ImageRenderer (C:/Users/ddewit/clawd/clawd-client/src/components/ImageRenderer.tsx:30:3)
    at img (C:/Users/ddewit/clawd/clawd-client/src/components/MarkdownRenderer.tsx:148:11)
    at p
    at Markdown (file:///C:/Users/ddewit/clawd/clawd-client/node_modules/react-markdown/lib/index.js:176:21)
    at div
    at MarkdownRenderer2 (C:/Users/ddewit/clawd/clawd-client/src/components/MarkdownRenderer.tsx:35:3)

 [32mΓ£ô[39m src/__tests__/markdown-renderer.test.tsx [2m([22m[2m32 tests[22m[2m)[22m[33m 1386[2mms[22m[39m
 [32mΓ£ô[39m src/__tests__/integration.test.ts [2m([22m[2m18 tests[22m[2m)[22m[33m 5540[2mms[22m[39m
       [33m[2mΓ£ô[22m[39m should persist streaming message updates with debouncing [33m 1524[2mms[22m[39m
       [33m[2mΓ£ô[22m[39m should persist pin status [33m 521[2mms[22m[39m
       [33m[2mΓ£ô[22m[39m should toggle pin status [33m 1033[2mms[22m[39m
 [32mΓ£ô[39m src/components/ChatInput.test.tsx [2m([22m[2m31 tests[22m[2m)[22m[33m 4750[2mms[22m[39m
       [33m[2mΓ£ô[22m[39m should update input value when typing [33m 1043[2mms[22m[39m
       [33m[2mΓ£ô[22m[39m should call onSend when Enter is pressed [33m 357[2mms[22m[39m
       [33m[2mΓ£ô[22m[39m should clear input after sending [33m 384[2mms[22m[39m
       [33m[2mΓ£ô[22m[39m should call onSend when send button is clicked [33m 341[2mms[22m[39m
       [33m[2mΓ£ô[22m[39m should adjust height based on content [33m 496[2mms[22m[39m
       [33m[2mΓ£ô[22m[39m should handle unicode characters [33m 377[2mms[22m[39m
       [33m[2mΓ£ô[22m[39m should call onSend with message and attachments [33m 343[2mms[22m[39m
 [32mΓ£ô[39m src/components/Sidebar.test.tsx [2m([22m[2m25 tests[22m[2m)[22m[33m 1434[2mms[22m[39m
       [33m[2mΓ£ô[22m[39m should create new conversation when New Chat button is clicked [33m 332[2mms[22m[39m
 [31mΓ¥»[39m src/__tests__/performance.test.tsx [2m([22m[2m18 tests[22m[2m | [22m[31m1 failed[39m[2m)[22m[33m 820[2mms[22m[39m
       [32mΓ£ô[39m should render 1000 messages within acceptable time[32m 16[2mms[22m[39m
[31m       [31m├ù[31m should render individual message quickly[39m[32m 205[2mms[22m[39m
       [32mΓ£ô[39m should handle large message content efficiently[32m 95[2mms[22m[39m
       [32mΓ£ô[39m should render markdown messages efficiently[32m 57[2mms[22m[39m
       [32mΓ£ô[39m should create conversations quickly[32m 7[2mms[22m[39m
       [32mΓ£ô[39m should add messages quickly[32m 31[2mms[22m[39m
       [32mΓ£ô[39m should handle streaming updates efficiently[32m 2[2mms[22m[39m
       [32mΓ£ô[39m should delete conversations quickly[32m 4[2mms[22m[39m
       [32mΓ£ô[39m should update conversation titles quickly[32m 2[2mms[22m[39m
       [32mΓ£ô[39m should render input quickly[32m 44[2mms[22m[39m
       [32mΓ£ô[39m should handle rapid state updates[32m 2[2mms[22m[39m
       [32mΓ£ô[39m should not leak memory when creating and deleting conversations[32m 9[2mms[22m[39m
       [32mΓ£ô[39m should handle batch message additions efficiently[32m 17[2mms[22m[39m
       [32mΓ£ô[39m should filter conversations quickly[32m 6[2mms[22m[39m
       [32mΓ£ô[39m should initialize store quickly[32m 2[2mms[22m[39m
       [32mΓ£ô[39m should handle initial settings load efficiently[32m 1[2mms[22m[39m
       [33m[2mΓ£ô[22m[39m should handle 10,000 messages efficiently [33m 306[2mms[22m[39m
       [32mΓ£ô[39m should maintain performance with large conversation history[32m 11[2mms[22m[39m
[90mstderr[2m | src/components/SettingsDialog.test.tsx[2m > [22m[2mSettingsDialog[2m > [22m[2mConnection 
Status[2m > [22m[2mshould show connected status when connected
[22m[39mWarning: An update to SettingsDialog inside a test was not wrapped in act(...).

When testing, code that causes React state updates should be wrapped into act(...):

act(() => {
  /* fire events that update state */
});
/* assert on the output */

This ensures that you're testing the behavior the user would see in the browser. Learn more at 
https://reactjs.org/link/wrap-tests-with-act
    at SettingsDialog (C:/Users/ddewit/clawd/clawd-client/src/components/SettingsDialog.tsx:48:3)

[90mstderr[2m | src/components/SettingsDialog.test.tsx[2m > [22m[2mSettingsDialog[2m > [22m[2mConnection 
Status[2m > [22m[2mshould show connected status when connected
[22m[39mWarning: An update to Tooltip inside a test was not wrapped in act(...).

When testing, code that causes React state updates should be wrapped into act(...):

act(() => {
  /* fire events that update state */
});
/* assert on the output */

This ensures that you're testing the behavior the user would see in the browser. Learn more at 
https://reactjs.org/link/wrap-tests-with-act
    at Tooltip (file:///C:/Users/ddewit/clawd/clawd-client/node_modules/@radix-ui/react-tooltip/dist/index.mjs:73:5)
    at Provider (file:///C:/Users/ddewit/clawd/clawd-client/node_modules/@radix-ui/react-context/dist/index.mjs:27:15)
    at TooltipProvider 
(file:///C:/Users/ddewit/clawd/clawd-client/node_modules/@radix-ui/react-tooltip/dist/index.mjs:29:5)
    at label
    at div
    at div
    at section
    at div
    at div
    at div
    at SettingsDialog (C:/Users/ddewit/clawd/clawd-client/src/components/SettingsDialog.tsx:48:3)
Warning: An update to Switch inside a test was not wrapped in act(...).

When testing, code that causes React state updates should be wrapped into act(...):

act(() => {
  /* fire events that update state */
});
/* assert on the output */

This ensures that you're testing the behavior the user would see in the browser. Learn more at 
https://reactjs.org/link/wrap-tests-with-act
    at file:///C:/Users/ddewit/clawd/clawd-client/node_modules/@radix-ui/react-switch/dist/index.mjs:19:7
    at C:/Users/ddewit/clawd/clawd-client/src/components/ui/switch.tsx:10:52
    at div
    at div
    at section
    at div
    at div
    at div
    at SettingsDialog (C:/Users/ddewit/clawd/clawd-client/src/components/SettingsDialog.tsx:48:3)
Warning: An update to Tooltip inside a test was not wrapped in act(...).

When testing, code that causes React state updates should be wrapped into act(...):

act(() => {
  /* fire events that update state */
});
/* assert on the output */

This ensures that you're testing the behavior the user would see in the browser. Learn more at 
https://reactjs.org/link/wrap-tests-with-act
    at Tooltip (file:///C:/Users/ddewit/clawd/clawd-client/node_modules/@radix-ui/react-tooltip/dist/index.mjs:73:5)
    at Provider (file:///C:/Users/ddewit/clawd/clawd-client/node_modules/@radix-ui/react-context/dist/index.mjs:27:15)
    at TooltipProvider 
(file:///C:/Users/ddewit/clawd/clawd-client/node_modules/@radix-ui/react-tooltip/dist/index.mjs:29:5)
    at label
    at div
    at div
    at section
    at div
    at div
    at div
    at SettingsDialog (C:/Users/ddewit/clawd/clawd-client/src/components/SettingsDialog.tsx:48:3)
Warning: An update to Switch inside a test was not wrapped in act(...).

When testing, code that causes React state updates should be wrapped into act(...):

act(() => {
  /* fire events that update state */
});
/* assert on the output */

This ensures that you're testing the behavior the user would see in the browser. Learn more at 
https://reactjs.org/link/wrap-tests-with-act
    at file:///C:/Users/ddewit/clawd/clawd-client/node_modules/@radix-ui/react-switch/dist/index.mjs:19:7
    at C:/Users/ddewit/clawd/clawd-client/src/components/ui/switch.tsx:10:52
    at div
    at div
    at section
    at div
    at div
    at div
    at SettingsDialog (C:/Users/ddewit/clawd/clawd-client/src/components/SettingsDialog.tsx:48:3)

 [32mΓ£ô[39m src/components/MessageBubble.test.tsx [2m([22m[2m26 tests[22m[2m)[22m[33m 687[2mms[22m[39m
 [32mΓ£ô[39m src/components/SettingsDialog.test.tsx [2m([22m[2m32 tests[22m[2m)[22m[33m 4663[2mms[22m[39m
       [33m[2mΓ£ô[22m[39m should update gateway URL when typing [33m 690[2mms[22m[39m
       [33m[2mΓ£ô[22m[39m should validate URL format [33m 434[2mms[22m[39m
       [33m[2mΓ£ô[22m[39m should show warning for insecure remote URLs [33m 557[2mms[22m[39m
       [33m[2mΓ£ô[22m[39m should accept secure WebSocket URLs [33m 616[2mms[22m[39m
       [33m[2mΓ£ô[22m[39m should update token when typing [33m 330[2mms[22m[39m
 [32mΓ£ô[39m src/components/SearchDialog.test.tsx [2m([22m[2m8 tests[22m[2m)[22m[33m 2977[2mms[22m[39m
     [33m[2mΓ£ô[22m[39m renders when open [33m 314[2mms[22m[39m
     [33m[2mΓ£ô[22m[39m searches and shows results [33m 660[2mms[22m[39m
     [33m[2mΓ£ô[22m[39m selects conversation on Enter [33m 552[2mms[22m[39m
     [33m[2mΓ£ô[22m[39m navigates results with arrow keys [33m 543[2mms[22m[39m

[31mΓÄ»ΓÄ»ΓÄ»ΓÄ»ΓÄ»ΓÄ»ΓÄ»[39m[1m[41m Failed Tests 1 [49m[22m[31mΓÄ»ΓÄ»ΓÄ»ΓÄ»ΓÄ»ΓÄ»ΓÄ»[39m

[41m[1m FAIL [22m[49m src/__tests__/performance.test.tsx[2m > [22mPerformance Tests[2m > [22mMessage Rendering 
Performance[2m > [22mshould render individual message quickly
[31m[1mAssertionError[22m: expected 179.08820000000014 to be less than 100[39m
[36m [2mΓ¥»[22m src/__tests__/performance.test.tsx:[2m64:24[22m[39m
    [90m 62| [39m
    [90m 63| [39m      // Single message should render in under 100ms (allow for test eΓÇª
    [90m 64| [39m      [34mexpect[39m(duration)[33m.[39m[34mtoBeLessThan[39m([34m100[39m)[33m;[39m
    [90m   | [39m                       [31m^[39m
    [90m 65| [39m    })[33m;[39m
    [90m 66| [39m

[31m[2mΓÄ»ΓÄ»ΓÄ»ΓÄ»ΓÄ»ΓÄ»ΓÄ»ΓÄ»ΓÄ»ΓÄ»ΓÄ»ΓÄ»ΓÄ»ΓÄ»ΓÄ»ΓÄ»ΓÄ»ΓÄ»ΓÄ»ΓÄ»ΓÄ»ΓÄ»ΓÄ»ΓÄ»[1/1]ΓÄ»[22m[39m


[2m Test Files [22m [1m[31m1 failed[39m[22m[2m | [22m[1m[32m23 passed[39m[22m[90m (24)[39m
[2m      Tests [22m [1m[31m1 failed[39m[22m[2m | [22m[1m[32m479 passed[39m[22m[90m (480)[39m
[2m   Start at [22m 22:00:56
[2m   Duration [22m 11.17s[2m (transform 4.19s, setup 13.56s, import 30.88s, tests 25.85s, environment 71.92s)[22m

